Build Sun May 31 02:53:13 -03 2026

> consignatarias-next@1.28.0 build /Users/josebarnetche/consignatarias
> next build

   ▲ Next.js 15.5.12
   - Environments: .env.local

   Creating an optimized production build ...
 ✓ Compiled successfully in 4.5s
   Linting and checking validity of types ...
   Collecting page data ...
   Generating static pages (0/2656) ...
   Generating static pages (664/2656) 
   Generating static pages (1328/2656) 
   Generating static pages (1992/2656) 
 ✓ Generating static pages (2656/2656)
   Finalizing page optimization ...
   Collecting build traces ...

Route (app)                                                               Size  First Load JS  Revalidate  Expire
┌ ○ /                                                                  7.41 kB         125 kB
├ ○ /_not-found                                                          389 B         103 kB
├ ƒ /admin/claims                                                       1.6 kB         105 kB
├ ƒ /admin/consignatarias                                               2.8 kB         106 kB
├ ƒ /admin/dashboard                                                    3.7 kB         110 kB
├ ƒ /admin/frigorifico-claims                                          1.61 kB         105 kB
├ ƒ /admin/ops                                                           389 B         103 kB
├ ƒ /admin/reviews                                                     1.98 kB         108 kB
├ ƒ /admin/suscriptores                                                2.82 kB         106 kB
├ ○ /api-docs                                                            128 B         110 kB
├ ƒ /api/account                                                         389 B         103 kB
├ ƒ /api/admin/claims                                                    389 B         103 kB
├ ƒ /api/admin/claims/[id]                                               389 B         103 kB
├ ƒ /api/admin/consignatarias                                            389 B         103 kB
├ ƒ /api/admin/consignatarias/[slug]                                     389 B         103 kB
├ ƒ /api/admin/dashboard                                                 389 B         103 kB
├ ƒ /api/admin/frigorifico-claims                                        389 B         103 kB
├ ƒ /api/admin/frigorifico-claims/[id]                                   389 B         103 kB
├ ƒ /api/admin/reviews/[id]/approve                                      389 B         103 kB
├ ƒ /api/admin/reviews/[id]/reject                                       389 B         103 kB
├ ƒ /api/admin/suscriptores                                              389 B         103 kB
├ ƒ /api/alertas                                                         389 B         103 kB
├ ƒ /api/alertas/[alerta_id]                                             389 B         103 kB
├ ƒ /api/arrepentimiento                                                 389 B         103 kB
├ ƒ /api/auction-results                                                 389 B         103 kB
├ ƒ /api/auth/logout                                                     389 B         103 kB
├ ƒ /api/calendario/[slug]                                               389 B         103 kB
├ ƒ /api/calendario/ical                                                 389 B         103 kB
├ ƒ /api/claims                                                          389 B         103 kB
├ ƒ /api/consignataria/[slug]                                            389 B         103 kB
├ ƒ /api/consignatarias/[slug]                                           389 B         103 kB
├ ƒ /api/consignatarias/[slug]/auctions                                  389 B         103 kB
├ ƒ /api/consignatarias/[slug]/auctions/[id]                             389 B         103 kB
├ ƒ /api/consignatarias/[slug]/logo                                      389 B         103 kB
├ ƒ /api/consignatarias/[slug]/report                                    389 B         103 kB
├ ƒ /api/consignatarias/[slug]/videos                                    389 B         103 kB
├ ƒ /api/consignatarias/medios-pago                                      389 B         103 kB
├ ƒ /api/consignatarias/ranking                                          389 B         103 kB
├ ƒ /api/cron/backfill-inmag                                             389 B         103 kB
├ ƒ /api/cron/backfill-usd                                               389 B         103 kB
├ ƒ /api/cron/faena-newsletter                                           389 B         103 kB
├ ƒ /api/cron/mag-lots-worker                                            389 B         103 kB
├ ƒ /api/cron/monthly-close                                              389 B         103 kB
├ ƒ /api/cron/monthly-metrics                                            389 B         103 kB
├ ƒ /api/cron/new-remate-alerts                                          389 B         103 kB
├ ƒ /api/cron/onboarding-emails                                          389 B         103 kB
├ ƒ /api/cron/post-remate-outreach                                       389 B         103 kB
├ ƒ /api/cron/quota-alerts                                               389 B         103 kB
├ ƒ /api/cron/remate-reminders                                           389 B         103 kB
├ ƒ /api/cron/scrape-mag-detailed                                        389 B         103 kB
├ ƒ /api/cron/trial-nudges                                               389 B         103 kB
├ ƒ /api/cron/weekly-newsletter                                          389 B         103 kB
├ ƒ /api/el-corredor/blast                                               389 B         103 kB
├ ƒ /api/el-corredor/subscribe                                           389 B         103 kB
├ ƒ /api/enterprise/checkout                                             389 B         103 kB
├ ƒ /api/enterprise/upgrade                                              389 B         103 kB
├ ƒ /api/featured-slugs                                                  389 B         103 kB
├ ƒ /api/featured/check                                                  389 B         103 kB
├ ƒ /api/form-abandonment                                                389 B         103 kB
├ ƒ /api/frigorifico-claims                                              389 B         103 kB
├ ƒ /api/frigorificos/[cuit]                                             389 B         103 kB
├ ƒ /api/health                                                          389 B         103 kB
├ ƒ /api/internal/cron-hook                                              389 B         103 kB
├ ƒ /api/internal/keys                                                   389 B         103 kB
├ ƒ /api/leads                                                           389 B         103 kB
├ ƒ /api/lots                                                            389 B         103 kB
├ ƒ /api/market/categories                                               389 B         103 kB
├ ƒ /api/market/history                                                  389 B         103 kB
├ ƒ /api/market/inmag-export                                             389 B         103 kB
├ ƒ /api/market/spread                                                   389 B         103 kB
├ ƒ /api/me                                                              389 B         103 kB
├ ƒ /api/newsletter                                                      389 B         103 kB
├ ƒ /api/planes                                                          389 B         103 kB
├ ƒ /api/precios                                                         389 B         103 kB
├ ƒ /api/profile-views                                                   389 B         103 kB
├ ƒ /api/redeem-points                                                   389 B         103 kB
├ ƒ /api/remates/[remateId]/watch                                        389 B         103 kB
├ ƒ /api/remates/buscar                                                  389 B         103 kB
├ ƒ /api/remates/calendario                                              389 B         103 kB
├ ƒ /api/remates/export                                                  389 B         103 kB
├ ƒ /api/remates/hoy                                                     389 B         103 kB
├ ƒ /api/remates/proximos                                                389 B         103 kB
├ ƒ /api/remates/stats                                                   389 B         103 kB
├ ƒ /api/remates/top                                                     389 B         103 kB
├ ƒ /api/reportes/[slug]/download                                        389 B         103 kB
├ ƒ /api/reviews/submit                                                  389 B         103 kB
├ ƒ /api/stats/dte                                                       389 B         103 kB
├ ƒ /api/stats/platform                                                  389 B         103 kB
├ ƒ /api/stats/pro-spots                                                 389 B         103 kB
├ ƒ /api/stats/recent-signups                                            389 B         103 kB
├ ƒ /api/status                                                          389 B         103 kB
├ ƒ /api/subscribe                                                       389 B         103 kB
├ ƒ /api/subscribe/cancel                                                389 B         103 kB
├ ƒ /api/subscribe/checkout                                              389 B         103 kB
├ ƒ /api/subscription-status                                             389 B         103 kB
├ ƒ /api/subscriptions/cancel                                            389 B         103 kB
├ ƒ /api/top-followed                                                    389 B         103 kB
├ ƒ /api/track/whatsapp                                                  389 B         103 kB
├ ƒ /api/vender-ahora                                                    389 B         103 kB
├ ƒ /api/webhooks/auth                                                   389 B         103 kB
├ ƒ /api/webhooks/rebill                                                 389 B         103 kB
├ ƒ /api/webhooks/register                                               389 B         103 kB
├ ƒ /api/widget/[slug]                                                   389 B         103 kB
├ ○ /apple-icon                                                          389 B         103 kB
├ ○ /arrepentimiento                                                   1.38 kB         108 kB
├ ƒ /auth/callback                                                       389 B         103 kB
├ ○ /aviso-legal                                                         180 B         107 kB
├ ○ /calculadora                                                       4.79 kB         115 kB
├ ƒ /calendario-exportar                                               5.01 kB         111 kB
├ ● /calendario/[slug]                                                 3.14 kB         109 kB
├   ├ /calendario/afa
├   ├ /calendario/aj-mendizabal
├   ├ /calendario/agroactiva
├   └ [+101 more paths]
├ ○ /calidad                                                             128 B         110 kB
├ ○ /como-elegir-consignataria                                         3.14 kB         109 kB
├ ○ /comparar                                                          3.76 kB         114 kB
├ ○ /consignatarias                                                    7.41 kB         114 kB
├ ● /consignatarias/[slug]                                             16.2 kB         131 kB
├   ├ /consignatarias/buenos-aires
├   ├ /consignatarias/chaco
├   ├ /consignatarias/cordoba
├   └ [+114 more paths]
├ ● /consignatarias/[slug]/opengraph-image-19c3d9                        389 B         103 kB
├   ├ /consignatarias/buenos-aires/opengraph-image-19c3d9
├   ├ /consignatarias/chaco/opengraph-image-19c3d9
├   ├ /consignatarias/cordoba/opengraph-image-19c3d9
├   └ [+114 more paths]
├ ● /consignatarias/[slug]/remitentes                                    180 B         107 kB
├   ├ /consignatarias/monasterio-tattersall-s-a/remitentes
├   └ /consignatarias/gananor-pujol/remitentes
├ ● /consignatarias/[slug]/twitter-image-19c3d9                          389 B         103 kB
├   ├ /consignatarias/buenos-aires/twitter-image-19c3d9
├   ├ /consignatarias/chaco/twitter-image-19c3d9
├   ├ /consignatarias/cordoba/twitter-image-19c3d9
├   └ [+114 more paths]
├ ● /consignatarias/[slug]/verificar                                   2.77 kB         109 kB
├   ├ /consignatarias/buenos-aires/verificar
├   ├ /consignatarias/chaco/verificar
├   ├ /consignatarias/cordoba/verificar
├   └ [+114 more paths]
├ ƒ /cuenta                                                            1.37 kB         162 kB
├ ƒ /cuenta/api-keys                                                   4.41 kB         111 kB
├ ƒ /cuenta/reportes                                                     180 B         107 kB
├ ƒ /dashboard                                                         15.3 kB         127 kB
├ ƒ /dashboard/resultados/nuevo                                        2.23 kB         105 kB
├ ○ /dte                                                               3.14 kB         109 kB
├ ƒ /el-corredor                                                       5.54 kB         171 kB
├ ○ /el-oraculo                                                        3.13 kB         106 kB
├ ○ /enterprise                                                        5.83 kB         112 kB
├ ƒ /exportar                                                          2.86 kB         113 kB
├ ○ /frigorificos                                                      35.5 kB         142 kB          1d      1y
├ ● /frigorificos/[slug]                                               3.14 kB         109 kB
├   ├ /frigorificos/30716219190
├   ├ /frigorificos/30560378056
├   ├ /frigorificos/30540080298
├   └ [+1109 more paths]
├ ○ /frigorificos/verificar                                            2.92 kB         109 kB
├ ○ /glosario                                                          3.14 kB         109 kB
├ ● /go/[slug]                                                         7.12 kB         177 kB          1h      1y
├   ├ /go/afa                                                                                          1h      1y
├   ├ /go/aj-mendizabal                                                                                1h      1y
├   ├ /go/agroactiva                                                                                   1h      1y
├   └ [+101 more paths]
├ ○ /indices                                                             129 B         110 kB          1d      1y
├ ○ /login                                                             2.35 kB         160 kB
├ ○ /mercado                                                           7.52 kB         118 kB          1d      1y
├ ● /mercado/[categoria]                                               4.04 kB         116 kB
├   ├ /mercado/terneros
├   ├ /mercado/novillos
├   ├ /mercado/novillitos
├   └ [+3 more paths]
├ ○ /mercado/arrendamiento                                             4.88 kB         157 kB
├ ○ /mercado/canuelas                                                    129 B         110 kB
├ ○ /mercado/inmag                                                     1.53 kB         163 kB
├ ○ /mercado/inmag-dolares                                               770 B         111 kB          1d      1y
├ ● /mercado/inmag/[anio]                                                129 B         110 kB          1d      1y
├   ├ /mercado/inmag/2015                                                                              1d      1y
├   ├ /mercado/inmag/2016                                                                              1d      1y
├   ├ /mercado/inmag/2017                                                                              1d      1y
├   └ [+9 more paths]
├ ○ /mercado/liniers                                                     129 B         110 kB
├ ○ /mercado/spread                                                    5.28 kB         112 kB
├ ƒ /mercado/vender-ahora                                               5.2 kB         112 kB
├ ○ /metodologia                                                         128 B         110 kB
├ ○ /mi-cuenta/favoritos                                               4.65 kB         187 kB
├ ○ /mi-cuenta/guias                                                   34.9 kB         199 kB
├ ○ /mi-ganado                                                         6.72 kB         167 kB
├ ○ /opengraph-image.png                                                   0 B            0 B
├ ○ /overview                                                          3.14 kB         109 kB
├ ○ /planes                                                              12 kB         173 kB
├ ○ /precios                                                             129 B         110 kB
├ ● /precios/[categoria]                                                 128 B         110 kB
├   ├ /precios/novillos
├   ├ /precios/novillitos
├   ├ /precios/vaquillonas
├   └ [+3 more paths]
├ ● /precios/[categoria]/[provincia]                                   3.14 kB         109 kB
├   ├ /precios/novillos/buenos-aires
├   ├ /precios/novillos/cordoba
├   ├ /precios/novillos/santa-fe
├   └ [+75 more paths]
├ ○ /precios/hacienda-en-pie                                             129 B         110 kB
├ ○ /preguntas-frecuentes                                              3.14 kB         109 kB
├ ○ /privacidad                                                          180 B         107 kB
├ ○ /quienes-somos                                                     3.13 kB         106 kB
├ ○ /remates                                                           11.7 kB         150 kB
├ ● /remates/[slug]                                                    2.36 kB         113 kB
├   ├ /remates/umc-haciendas-villaguay-general-entre-rios-2026-01-09
├   ├ /remates/umc-haciendas-villaguay-especial-entre-rios-2026-02-03
├   ├ /remates/umc-haciendas-villaguay-general-corrientes-2026-02-06
├   └ [+445 more paths]
├ ● /remates/[slug]/[tipo]                                             3.14 kB         109 kB
├   ├ /remates/buenos-aires/invernada
├   ├ /remates/buenos-aires/cria
├   ├ /remates/buenos-aires/general
├   └ [+32 more paths]
├ ƒ /remates/[slug]/opengraph-image-1yas3k                               389 B         103 kB
├ ○ /remates/anteriores                                                  129 B         110 kB
├ ● /remates/ciudad/[ciudad]                                             129 B         110 kB
├   ├ /remates/ciudad/villaguay-entre-rios
├   ├ /remates/ciudad/mercedes-corrientes
├   ├ /remates/ciudad/rosario-del-tala-entre-rios
├   └ [+149 more paths]
├ ○ /remates/en-vivo                                                   3.15 kB         115 kB
├ ○ /remates/fin-de-semana                                               129 B         110 kB
├ ○ /remates/hoy                                                       4.64 kB         165 kB
├ ○ /remates/manana                                                      129 B         110 kB
├ ● /remates/mes/[mes]                                                 3.14 kB         109 kB
├   ├ /remates/mes/enero
├   ├ /remates/mes/febrero
├   ├ /remates/mes/marzo
├   └ [+9 more paths]
├ ○ /remates/semana                                                      127 B         110 kB
├ ● /remates/tipo/[tipo]                                                 129 B         110 kB
├   ├ /remates/tipo/invernada
├   ├ /remates/tipo/cria
├   ├ /remates/tipo/general
├   └ [+2 more paths]
├ ƒ /reporte-semanal                                                   6.61 kB         113 kB
├ ○ /robots.txt                                                          389 B         103 kB
├ ƒ /rss.xml                                                             389 B         103 kB
├ ○ /sitemap.xml                                                         389 B         103 kB
├ ○ /terminos                                                            180 B         107 kB
├ ○ /twitter-image.png                                                     0 B            0 B
└ ƒ /upgrade                                                             739 B         107 kB
+ First Load JS shared by all                                           103 kB
  ├ chunks/4541e4b6-760b0d5571ac80b3.js                                54.2 kB
  ├ chunks/9388-9dad69ddeb11d8fa.js                                    46.5 kB
  └ other shared chunks (total)                                        2.17 kB


ƒ Middleware                                                            106 kB

○  (Static)   prerendered as static content
●  (SSG)      prerendered as static HTML (uses generateStaticParams)
ƒ  (Dynamic)  server-rendered on demand

EXIT_CODE=0
